HTTP/1.1 400 Bad Request
Connection: close
Content-Type: text/plain; charset=utf-8
Sec-Websocket-Version: 13
X-Content-Type-Options: nosniff

{}