HTTP/1.1 500 Internal Server Error
Connection: close

{
    "error": "some error",
    "status": 500
}