HTTP/1.1 200 OK
Connection: close

{
    "result": {
        "current": {
            "created": "0001-01-01T00:00:00Z",
            "definition": {},
            "pipelineId": ""
        },
        "id": "guid-a",
        "name": "name-a"
    },
    "status": 200
}