HTTP/1.1 200 OK
Connection: close

{
    "result": {
        "id": "guid-a",
        "labels": {
            "key": "value"
        },
        "name": "name-a",
        "position": [
            "position"
        ],
        "providerId": "provider"
    },
    "status": 200
}