HTTP/1.1 500 Internal Server Error
Connection: close

{
    "error": "internal error occurred",
    "status": 500
}