HTTP/1.1 200 OK
Connection: close

{
    "status": 200
}