HTTP/1.1 200 OK
Connection: close

{
    "result": [],
    "status": 200
}