HTTP/1.1 400 Bad Request
Connection: close

{
    "error": "query parameter was expected but is missing",
    "status": 400
}