HTTP/1.1 400 Bad Request
Connection: close

{
    "error": "strconv.Atoi: parsing \"abc\": invalid syntax",
    "status": 400
}